<?xml version="1.0" encoding="ISO-8859-1" ?>
<link_info>
   <banner>TI ARM Linker PC v20.2.7.LTS</banner>
   <copyright>Copyright (c) 1996-2018 Texas Instruments Incorporated</copyright>
   <link_time>0x66ca5950</link_time>
   <link_errors>0x0</link_errors>
   <output_file>RTOS_project.out</output_file>
   <entry_point>
      <name>_c_int00_noargs</name>
      <address>0x601d</address>
   </entry_point>
   <input_file_list>
      <input_file id="fl-2">
         <path>.\</path>
         <kind>object</kind>
         <file>main.obj</file>
         <name>main.obj</name>
      </input_file>
      <input_file id="fl-3">
         <path>.\</path>
         <kind>object</kind>
         <file>tm4c123gh6pm_startup_ccs.obj</file>
         <name>tm4c123gh6pm_startup_ccs.obj</name>
      </input_file>
      <input_file id="fl-4">
         <path>.\APP\</path>
         <kind>object</kind>
         <file>app.obj</file>
         <name>app.obj</name>
      </input_file>
      <input_file id="fl-5">
         <path>.\FreeRTOSv202212.01\FreeRTOS\Source\</path>
         <kind>object</kind>
         <file>event_groups.obj</file>
         <name>event_groups.obj</name>
      </input_file>
      <input_file id="fl-6">
         <path>.\FreeRTOSv202212.01\FreeRTOS\Source\</path>
         <kind>object</kind>
         <file>list.obj</file>
         <name>list.obj</name>
      </input_file>
      <input_file id="fl-7">
         <path>.\FreeRTOSv202212.01\FreeRTOS\Source\</path>
         <kind>object</kind>
         <file>queue.obj</file>
         <name>queue.obj</name>
      </input_file>
      <input_file id="fl-8">
         <path>.\FreeRTOSv202212.01\FreeRTOS\Source\</path>
         <kind>object</kind>
         <file>tasks.obj</file>
         <name>tasks.obj</name>
      </input_file>
      <input_file id="fl-9">
         <path>.\FreeRTOSv202212.01\FreeRTOS\Source\</path>
         <kind>object</kind>
         <file>timers.obj</file>
         <name>timers.obj</name>
      </input_file>
      <input_file id="fl-a">
         <path>.\FreeRTOSv202212.01\FreeRTOS\Source\portable\CCS\ARM_CM4F\</path>
         <kind>object</kind>
         <file>port.obj</file>
         <name>port.obj</name>
      </input_file>
      <input_file id="fl-b">
         <path>.\FreeRTOSv202212.01\FreeRTOS\Source\portable\CCS\ARM_CM4F\</path>
         <kind>object</kind>
         <file>portasm.obj</file>
         <name>portasm.obj</name>
      </input_file>
      <input_file id="fl-c">
         <path>.\FreeRTOSv202212.01\FreeRTOS\Source\portable\MemMang\</path>
         <kind>object</kind>
         <file>heap_2.obj</file>
         <name>heap_2.obj</name>
      </input_file>
      <input_file id="fl-d">
         <path>.\HAL\Heater\</path>
         <kind>object</kind>
         <file>heater.obj</file>
         <name>heater.obj</name>
      </input_file>
      <input_file id="fl-e">
         <path>.\HAL\LM35\</path>
         <kind>object</kind>
         <file>lm35_sensor.obj</file>
         <name>lm35_sensor.obj</name>
      </input_file>
      <input_file id="fl-f">
         <path>.\MCAL\ADC\</path>
         <kind>object</kind>
         <file>adc.obj</file>
         <name>adc.obj</name>
      </input_file>
      <input_file id="fl-10">
         <path>.\MCAL\GPIO\</path>
         <kind>object</kind>
         <file>gpio.obj</file>
         <name>gpio.obj</name>
      </input_file>
      <input_file id="fl-11">
         <path>.\MCAL\GPTM\</path>
         <kind>object</kind>
         <file>GPTM.obj</file>
         <name>GPTM.obj</name>
      </input_file>
      <input_file id="fl-12">
         <path>.\MCAL\UART\</path>
         <kind>object</kind>
         <file>uart0.obj</file>
         <name>uart0.obj</name>
      </input_file>
      <input_file id="fl-16">
         <kind>object</kind>
         <file>&lt;internal&gt;</file>
         <name>&lt;internal&gt;</name>
      </input_file>
      <input_file id="fl-cc">
         <path>C:\ti\ccs1260\ccs\tools\compiler\ti-cgt-arm_20.2.7.LTS\lib\</path>
         <kind>archive</kind>
         <file>rtsv7M4_T_le_v4SPD16_eabi.lib</file>
         <name>fd_div_t2.asm.obj</name>
      </input_file>
      <input_file id="fl-cd">
         <path>C:\ti\ccs1260\ccs\tools\compiler\ti-cgt-arm_20.2.7.LTS\lib\</path>
         <kind>archive</kind>
         <file>rtsv7M4_T_le_v4SPD16_eabi.lib</file>
         <name>fd_mul_t2.asm.obj</name>
      </input_file>
      <input_file id="fl-ce">
         <path>C:\ti\ccs1260\ccs\tools\compiler\ti-cgt-arm_20.2.7.LTS\lib\</path>
         <kind>archive</kind>
         <file>rtsv7M4_T_le_v4SPD16_eabi.lib</file>
         <name>fd_toi_t2.asm.obj</name>
      </input_file>
      <input_file id="fl-cf">
         <path>C:\ti\ccs1260\ccs\tools\compiler\ti-cgt-arm_20.2.7.LTS\lib\</path>
         <kind>archive</kind>
         <file>rtsv7M4_T_le_v4SPD16_eabi.lib</file>
         <name>memcpy_t2.asm.obj</name>
      </input_file>
      <input_file id="fl-d0">
         <path>C:\ti\ccs1260\ccs\tools\compiler\ti-cgt-arm_20.2.7.LTS\lib\</path>
         <kind>archive</kind>
         <file>rtsv7M4_T_le_v4SPD16_eabi.lib</file>
         <name>u_tofd_t2.asm.obj</name>
      </input_file>
      <input_file id="fl-d1">
         <path>C:\ti\ccs1260\ccs\tools\compiler\ti-cgt-arm_20.2.7.LTS\lib\</path>
         <kind>archive</kind>
         <file>rtsv7M4_T_le_v4SPD16_eabi.lib</file>
         <name>memset_t2.asm.obj</name>
      </input_file>
      <input_file id="fl-d2">
         <path>C:\ti\ccs1260\ccs\tools\compiler\ti-cgt-arm_20.2.7.LTS\lib\</path>
         <kind>archive</kind>
         <file>rtsv7M4_T_le_v4SPD16_eabi.lib</file>
         <name>ll_div_t2.asm.obj</name>
      </input_file>
      <input_file id="fl-d3">
         <path>C:\ti\ccs1260\ccs\tools\compiler\ti-cgt-arm_20.2.7.LTS\lib\</path>
         <kind>archive</kind>
         <file>rtsv7M4_T_le_v4SPD16_eabi.lib</file>
         <name>ull_div_t2.asm.obj</name>
      </input_file>
      <input_file id="fl-d4">
         <path>C:\ti\ccs1260\ccs\tools\compiler\ti-cgt-arm_20.2.7.LTS\lib\</path>
         <kind>archive</kind>
         <file>rtsv7M4_T_le_v4SPD16_eabi.lib</file>
         <name>copy_zero_init.c.obj</name>
      </input_file>
      <input_file id="fl-d5">
         <path>C:\ti\ccs1260\ccs\tools\compiler\ti-cgt-arm_20.2.7.LTS\lib\</path>
         <kind>archive</kind>
         <file>rtsv7M4_T_le_v4SPD16_eabi.lib</file>
         <name>copy_decompress_none.c.obj</name>
      </input_file>
      <input_file id="fl-d6">
         <path>C:\ti\ccs1260\ccs\tools\compiler\ti-cgt-arm_20.2.7.LTS\lib\</path>
         <kind>archive</kind>
         <file>rtsv7M4_T_le_v4SPD16_eabi.lib</file>
         <name>copy_decompress_lzss.c.obj</name>
      </input_file>
      <input_file id="fl-d7">
         <path>C:\ti\ccs1260\ccs\tools\compiler\ti-cgt-arm_20.2.7.LTS\lib\</path>
         <kind>archive</kind>
         <file>rtsv7M4_T_le_v4SPD16_eabi.lib</file>
         <name>boot_cortex_m.c.obj</name>
      </input_file>
      <input_file id="fl-d8">
         <path>C:\ti\ccs1260\ccs\tools\compiler\ti-cgt-arm_20.2.7.LTS\lib\</path>
         <kind>archive</kind>
         <file>rtsv7M4_T_le_v4SPD16_eabi.lib</file>
         <name>div0.asm.obj</name>
      </input_file>
      <input_file id="fl-d9">
         <path>C:\ti\ccs1260\ccs\tools\compiler\ti-cgt-arm_20.2.7.LTS\lib\</path>
         <kind>archive</kind>
         <file>rtsv7M4_T_le_v4SPD16_eabi.lib</file>
         <name>autoinit.c.obj</name>
      </input_file>
      <input_file id="fl-da">
         <path>C:\ti\ccs1260\ccs\tools\compiler\ti-cgt-arm_20.2.7.LTS\lib\</path>
         <kind>archive</kind>
         <file>rtsv7M4_T_le_v4SPD16_eabi.lib</file>
         <name>pre_init.c.obj</name>
      </input_file>
      <input_file id="fl-db">
         <path>C:\ti\ccs1260\ccs\tools\compiler\ti-cgt-arm_20.2.7.LTS\lib\</path>
         <kind>archive</kind>
         <file>rtsv7M4_T_le_v4SPD16_eabi.lib</file>
         <name>cpy_tbl.c.obj</name>
      </input_file>
      <input_file id="fl-dc">
         <path>C:\ti\ccs1260\ccs\tools\compiler\ti-cgt-arm_20.2.7.LTS\lib\</path>
         <kind>archive</kind>
         <file>rtsv7M4_T_le_v4SPD16_eabi.lib</file>
         <name>exit.c.obj</name>
      </input_file>
      <input_file id="fl-dd">
         <path>C:\ti\ccs1260\ccs\tools\compiler\ti-cgt-arm_20.2.7.LTS\lib\</path>
         <kind>archive</kind>
         <file>rtsv7M4_T_le_v4SPD16_eabi.lib</file>
         <name>_lock.c.obj</name>
      </input_file>
      <input_file id="fl-de">
         <path>C:\ti\ccs1260\ccs\tools\compiler\ti-cgt-arm_20.2.7.LTS\lib\</path>
         <kind>archive</kind>
         <file>rtsv7M4_T_le_v4SPD16_eabi.lib</file>
         <name>args_main.c.obj</name>
      </input_file>
   </input_file_list>
   <object_component_list>
      <object_component id="oc-12">
         <name>.intvecs</name>
         <load_address>0x0</load_address>
         <run_address>0x0</run_address>
         <size>0x26c</size>
         <input_file_ref idref="fl-3"/>
      </object_component>
      <object_component id="oc-85">
         <name>.text</name>
         <load_address>0x26c</load_address>
         <run_address>0x26c</run_address>
         <size>0x2214</size>
         <input_file_ref idref="fl-8"/>
      </object_component>
      <object_component id="oc-be">
         <name>.text</name>
         <load_address>0x2480</load_address>
         <run_address>0x2480</run_address>
         <size>0x100e</size>
         <input_file_ref idref="fl-7"/>
      </object_component>
      <object_component id="oc-2b4">
         <name>.text</name>
         <load_address>0x348e</load_address>
         <run_address>0x348e</run_address>
         <size>0x2</size>
         <input_file_ref idref="fl-d8"/>
      </object_component>
      <object_component id="oc-38">
         <name>.text</name>
         <load_address>0x3490</load_address>
         <run_address>0x3490</run_address>
         <size>0xb10</size>
         <input_file_ref idref="fl-4"/>
      </object_component>
      <object_component id="oc-170">
         <name>.text</name>
         <load_address>0x3fa0</load_address>
         <run_address>0x3fa0</run_address>
         <size>0x7bc</size>
         <input_file_ref idref="fl-9"/>
      </object_component>
      <object_component id="oc-a0">
         <name>.text</name>
         <load_address>0x475c</load_address>
         <run_address>0x475c</run_address>
         <size>0x700</size>
         <input_file_ref idref="fl-10"/>
      </object_component>
      <object_component id="oc-32">
         <name>.text</name>
         <load_address>0x4e5c</load_address>
         <run_address>0x4e5c</run_address>
         <size>0x2b0</size>
         <input_file_ref idref="fl-a"/>
      </object_component>
      <object_component id="oc-15b">
         <name>.text</name>
         <load_address>0x510c</load_address>
         <run_address>0x510c</run_address>
         <size>0x28c</size>
         <input_file_ref idref="fl-c"/>
      </object_component>
      <object_component id="oc-a6">
         <name>.text</name>
         <load_address>0x5398</load_address>
         <run_address>0x5398</run_address>
         <size>0x1c8</size>
         <input_file_ref idref="fl-12"/>
      </object_component>
      <object_component id="oc-ac">
         <name>.text</name>
         <load_address>0x5560</load_address>
         <run_address>0x5560</run_address>
         <size>0x184</size>
         <input_file_ref idref="fl-d"/>
      </object_component>
      <object_component id="oc-b2">
         <name>.text</name>
         <load_address>0x56e4</load_address>
         <run_address>0x56e4</run_address>
         <size>0x148</size>
         <input_file_ref idref="fl-f"/>
      </object_component>
      <object_component id="oc-20a">
         <name>.text</name>
         <load_address>0x582c</load_address>
         <run_address>0x582c</run_address>
         <size>0x136</size>
         <input_file_ref idref="fl-cc"/>
      </object_component>
      <object_component id="oc-161">
         <name>.text</name>
         <load_address>0x5962</load_address>
         <run_address>0x5962</run_address>
         <size>0x12a</size>
         <input_file_ref idref="fl-6"/>
      </object_component>
      <object_component id="oc-205">
         <name>.text</name>
         <load_address>0x5a8c</load_address>
         <run_address>0x5a8c</run_address>
         <size>0xfc</size>
         <input_file_ref idref="fl-cd"/>
      </object_component>
      <object_component id="oc-2d">
         <name>.text</name>
         <load_address>0x5b88</load_address>
         <run_address>0x5b88</run_address>
         <size>0xda</size>
         <input_file_ref idref="fl-b"/>
      </object_component>
      <object_component id="oc-4c">
         <name>.text</name>
         <load_address>0x5c62</load_address>
         <run_address>0x5c62</run_address>
         <size>0x9c</size>
         <input_file_ref idref="fl-cf"/>
      </object_component>
      <object_component id="oc-2b9">
         <name>.text</name>
         <load_address>0x5cfe</load_address>
         <run_address>0x5cfe</run_address>
         <size>0x96</size>
         <input_file_ref idref="fl-d3"/>
      </object_component>
      <object_component id="oc-133">
         <name>.text</name>
         <load_address>0x5d94</load_address>
         <run_address>0x5d94</run_address>
         <size>0x7a</size>
         <input_file_ref idref="fl-d1"/>
      </object_component>
      <object_component id="oc-1ae">
         <name>.text</name>
         <load_address>0x5e0e</load_address>
         <run_address>0x5e0e</run_address>
         <size>0x6e</size>
         <input_file_ref idref="fl-d2"/>
      </object_component>
      <object_component id="oc-15">
         <name>.text:decompress:lzss:__TI_decompress_lzss</name>
         <load_address>0x5e7c</load_address>
         <run_address>0x5e7c</run_address>
         <size>0x68</size>
         <input_file_ref idref="fl-d6"/>
      </object_component>
      <object_component id="oc-f9">
         <name>.text</name>
         <load_address>0x5ee4</load_address>
         <run_address>0x5ee4</run_address>
         <size>0x58</size>
         <input_file_ref idref="fl-e"/>
      </object_component>
      <object_component id="oc-b8">
         <name>.text</name>
         <load_address>0x5f3c</load_address>
         <run_address>0x5f3c</run_address>
         <size>0x54</size>
         <input_file_ref idref="fl-11"/>
      </object_component>
      <object_component id="oc-20f">
         <name>.text</name>
         <load_address>0x5f90</load_address>
         <run_address>0x5f90</run_address>
         <size>0x48</size>
         <input_file_ref idref="fl-ce"/>
      </object_component>
      <object_component id="oc-23a">
         <name>.text:__TI_auto_init_nobinit_nopinit:__TI_auto_init_nobinit_nopinit</name>
         <load_address>0x5fd8</load_address>
         <run_address>0x5fd8</run_address>
         <size>0x44</size>
         <input_file_ref idref="fl-d9"/>
      </object_component>
      <object_component id="oc-6a">
         <name>.text:_c_int00_noargs:_c_int00_noargs</name>
         <load_address>0x601c</load_address>
         <run_address>0x601c</run_address>
         <size>0x34</size>
         <input_file_ref idref="fl-d7"/>
      </object_component>
      <object_component id="oc-200">
         <name>.text</name>
         <load_address>0x6050</load_address>
         <run_address>0x6050</run_address>
         <size>0x20</size>
         <input_file_ref idref="fl-d0"/>
      </object_component>
      <object_component id="oc-1b">
         <name>.text:decompress:none:__TI_decompress_none</name>
         <load_address>0x6070</load_address>
         <run_address>0x6070</run_address>
         <size>0xe</size>
         <input_file_ref idref="fl-d5"/>
      </object_component>
      <object_component id="oc-5e">
         <name>.text:decompress:ZI:__TI_zero_init</name>
         <load_address>0x607e</load_address>
         <run_address>0x607e</run_address>
         <size>0xc</size>
         <input_file_ref idref="fl-d4"/>
      </object_component>
      <object_component id="oc-13f">
         <name>.text</name>
         <load_address>0x608a</load_address>
         <run_address>0x608a</run_address>
         <size>0xc</size>
         <input_file_ref idref="fl-2"/>
      </object_component>
      <object_component id="oc-27">
         <name>.text</name>
         <load_address>0x6096</load_address>
         <run_address>0x6096</run_address>
         <size>0xc</size>
         <input_file_ref idref="fl-3"/>
      </object_component>
      <object_component id="oc-139">
         <name>.text:_system_pre_init</name>
         <load_address>0x60a2</load_address>
         <run_address>0x60a2</run_address>
         <size>0x4</size>
         <input_file_ref idref="fl-da"/>
      </object_component>
      <object_component id="oc-22e">
         <name>.text:abort:abort</name>
         <load_address>0x60a6</load_address>
         <run_address>0x60a6</run_address>
         <size>0x4</size>
         <input_file_ref idref="fl-dc"/>
      </object_component>
      <object_component id="oc-82">
         <name>.const</name>
         <load_address>0x60ac</load_address>
         <run_address>0x60ac</run_address>
         <size>0x8</size>
         <input_file_ref idref="fl-a"/>
      </object_component>
      <object_component id="oc-17a">
         <name>.const</name>
         <load_address>0x60b4</load_address>
         <run_address>0x60b4</run_address>
         <size>0x4</size>
         <input_file_ref idref="fl-8"/>
      </object_component>
      <object_component id="oc-378">
         <name>.cinit..data.load</name>
         <load_address>0x60b8</load_address>
         <run_address>0x60b8</run_address>
         <size>0x67</size>
      </object_component>
      <object_component id="oc-376">
         <name>__TI_handler_table</name>
         <load_address>0x6120</load_address>
         <run_address>0x6120</run_address>
         <size>0xc</size>
      </object_component>
      <object_component id="oc-379">
         <name>.cinit..bss.load</name>
         <load_address>0x6130</load_address>
         <run_address>0x6130</run_address>
         <size>0x8</size>
      </object_component>
      <object_component id="oc-377">
         <name>__TI_cinit_table</name>
         <load_address>0x6138</load_address>
         <run_address>0x6138</run_address>
         <size>0x10</size>
      </object_component>
      <object_component id="oc-10c">
         <name>.data</name>
         <load_address>0x2000255c</load_address>
         <run_address>0x2000255c</run_address>
         <size>0xb</size>
         <input_file_ref idref="fl-4"/>
      </object_component>
      <object_component id="oc-d2">
         <name>.data:driver_seat_button_task_parameters</name>
         <load_address>0x200024cc</load_address>
         <run_address>0x200024cc</run_address>
         <size>0x10</size>
         <input_file_ref idref="fl-4"/>
      </object_component>
      <object_component id="oc-ea">
         <name>.data:passenger_seat_button_task_parameters</name>
         <load_address>0x200024fc</load_address>
         <run_address>0x200024fc</run_address>
         <size>0x10</size>
         <input_file_ref idref="fl-4"/>
      </object_component>
      <object_component id="oc-d6">
         <name>.data:driver_seat_monitor_task_parameters</name>
         <load_address>0x20002570</load_address>
         <run_address>0x20002570</run_address>
         <size>0x8</size>
         <input_file_ref idref="fl-4"/>
      </object_component>
      <object_component id="oc-ee">
         <name>.data:passenger_seat_monitor_task_parameters</name>
         <load_address>0x20002588</load_address>
         <run_address>0x20002588</run_address>
         <size>0x8</size>
         <input_file_ref idref="fl-4"/>
      </object_component>
      <object_component id="oc-da">
         <name>.data:driver_seat_control_task_parameters</name>
         <load_address>0x200024dc</load_address>
         <run_address>0x200024dc</run_address>
         <size>0x10</size>
         <input_file_ref idref="fl-4"/>
      </object_component>
      <object_component id="oc-f2">
         <name>.data:passenger_seat_control_task_parameters</name>
         <load_address>0x2000250c</load_address>
         <run_address>0x2000250c</run_address>
         <size>0x10</size>
         <input_file_ref idref="fl-4"/>
      </object_component>
      <object_component id="oc-109">
         <name>.data:driver_heater</name>
         <load_address>0x20002590</load_address>
         <run_address>0x20002590</run_address>
         <size>0x4</size>
         <input_file_ref idref="fl-4"/>
      </object_component>
      <object_component id="oc-c4">
         <name>.data:passenger_heater</name>
         <load_address>0x20002594</load_address>
         <run_address>0x20002594</run_address>
         <size>0x4</size>
         <input_file_ref idref="fl-4"/>
      </object_component>
      <object_component id="oc-de">
         <name>.data:driver_seat_heating_task_parameters</name>
         <load_address>0x20002568</load_address>
         <run_address>0x20002568</run_address>
         <size>0x8</size>
         <input_file_ref idref="fl-4"/>
      </object_component>
      <object_component id="oc-f6">
         <name>.data:passenger_seat_heating_task_parameters</name>
         <load_address>0x20002580</load_address>
         <run_address>0x20002580</run_address>
         <size>0x8</size>
         <input_file_ref idref="fl-4"/>
      </object_component>
      <object_component id="oc-e2">
         <name>.data:driver_seat_failuer_handling_task_parameters</name>
         <load_address>0x2000252c</load_address>
         <run_address>0x2000252c</run_address>
         <size>0xc</size>
         <input_file_ref idref="fl-4"/>
      </object_component>
      <object_component id="oc-100">
         <name>.data:passenger_seat_failuer_handling_task_parameters</name>
         <load_address>0x20002538</load_address>
         <run_address>0x20002538</run_address>
         <size>0xc</size>
         <input_file_ref idref="fl-4"/>
      </object_component>
      <object_component id="oc-e6">
         <name>.data:driver_seat_display_task_parameters</name>
         <load_address>0x200024ec</load_address>
         <run_address>0x200024ec</run_address>
         <size>0x10</size>
         <input_file_ref idref="fl-4"/>
      </object_component>
      <object_component id="oc-104">
         <name>.data:passenger_seat_display_task_parameters</name>
         <load_address>0x2000251c</load_address>
         <run_address>0x2000251c</run_address>
         <size>0x10</size>
         <input_file_ref idref="fl-4"/>
      </object_component>
      <object_component id="oc-7f">
         <name>.data</name>
         <load_address>0x20002498</load_address>
         <run_address>0x20002498</run_address>
         <size>0x34</size>
         <input_file_ref idref="fl-8"/>
      </object_component>
      <object_component id="oc-28e">
         <name>.data</name>
         <load_address>0x20002550</load_address>
         <run_address>0x20002550</run_address>
         <size>0xc</size>
         <input_file_ref idref="fl-9"/>
      </object_component>
      <object_component id="oc-8c">
         <name>.data</name>
         <load_address>0x20002544</load_address>
         <run_address>0x20002544</run_address>
         <size>0xc</size>
         <input_file_ref idref="fl-a"/>
      </object_component>
      <object_component id="oc-278">
         <name>.data</name>
         <load_address>0x20002578</load_address>
         <run_address>0x20002578</run_address>
         <size>0x8</size>
         <input_file_ref idref="fl-c"/>
      </object_component>
      <object_component id="oc-167">
         <name>.bss:pxReadyTasksLists</name>
         <uninitialized>true</uninitialized>
         <run_address>0x20001fc0</run_address>
         <size>0xa0</size>
         <input_file_ref idref="fl-8"/>
      </object_component>
      <object_component id="oc-182">
         <name>.bss:xDelayedTaskList1</name>
         <uninitialized>true</uninitialized>
         <run_address>0x200021b8</run_address>
         <size>0x14</size>
         <input_file_ref idref="fl-8"/>
      </object_component>
      <object_component id="oc-185">
         <name>.bss:xDelayedTaskList2</name>
         <uninitialized>true</uninitialized>
         <run_address>0x200021cc</run_address>
         <size>0x14</size>
         <input_file_ref idref="fl-8"/>
      </object_component>
      <object_component id="oc-17d">
         <name>.bss</name>
         <uninitialized>true</uninitialized>
         <run_address>0x2000221c</run_address>
         <size>0x8</size>
         <input_file_ref idref="fl-8"/>
      </object_component>
      <object_component id="oc-176">
         <name>.bss:xPendingReadyList</name>
         <uninitialized>true</uninitialized>
         <run_address>0x200021e0</run_address>
         <size>0x14</size>
         <input_file_ref idref="fl-8"/>
      </object_component>
      <object_component id="oc-16a">
         <name>.bss:xTasksWaitingTermination</name>
         <uninitialized>true</uninitialized>
         <run_address>0x20002208</run_address>
         <size>0x14</size>
         <input_file_ref idref="fl-8"/>
      </object_component>
      <object_component id="oc-16d">
         <name>.bss:xSuspendedTaskList</name>
         <uninitialized>true</uninitialized>
         <run_address>0x200021f4</run_address>
         <size>0x14</size>
         <input_file_ref idref="fl-8"/>
      </object_component>
      <object_component id="oc-294">
         <name>.bss:xActiveTimerList1</name>
         <uninitialized>true</uninitialized>
         <run_address>0x20002190</run_address>
         <size>0x14</size>
         <input_file_ref idref="fl-9"/>
      </object_component>
      <object_component id="oc-297">
         <name>.bss:xActiveTimerList2</name>
         <uninitialized>true</uninitialized>
         <run_address>0x200021a4</run_address>
         <size>0x14</size>
         <input_file_ref idref="fl-9"/>
      </object_component>
      <object_component id="oc-291">
         <name>.bss</name>
         <uninitialized>true</uninitialized>
         <run_address>0x20002224</run_address>
         <size>0x8</size>
         <input_file_ref idref="fl-9"/>
      </object_component>
      <object_component id="oc-281">
         <name>.bss:ucHeap</name>
         <uninitialized>true</uninitialized>
         <run_address>0x20000000</run_address>
         <size>0x1fc0</size>
         <input_file_ref idref="fl-c"/>
      </object_component>
      <object_component id="oc-27b">
         <name>.bss:xStart</name>
         <uninitialized>true</uninitialized>
         <run_address>0x20002234</run_address>
         <size>0x8</size>
         <input_file_ref idref="fl-c"/>
      </object_component>
      <object_component id="oc-27e">
         <name>.bss:xEnd</name>
         <uninitialized>true</uninitialized>
         <run_address>0x2000222c</run_address>
         <size>0x8</size>
         <input_file_ref idref="fl-c"/>
      </object_component>
      <object_component id="oc-d1">
         <name>.common:DriverSeatButtonTaskHandler</name>
         <uninitialized>true</uninitialized>
         <run_address>0x2000224c</run_address>
         <size>0x4</size>
      </object_component>
      <object_component id="oc-e9">
         <name>.common:PassengerSeatButtonTaskHandler</name>
         <uninitialized>true</uninitialized>
         <run_address>0x20002264</run_address>
         <size>0x4</size>
      </object_component>
      <object_component id="oc-d5">
         <name>.common:DriverMonitorTempTaskHandler</name>
         <uninitialized>true</uninitialized>
         <run_address>0x20002248</run_address>
         <size>0x4</size>
      </object_component>
      <object_component id="oc-ed">
         <name>.common:PassengerMonitorTempTaskHandler</name>
         <uninitialized>true</uninitialized>
         <run_address>0x20002260</run_address>
         <size>0x4</size>
      </object_component>
      <object_component id="oc-d9">
         <name>.common:DriverControlTempTaskHandler</name>
         <uninitialized>true</uninitialized>
         <run_address>0x2000223c</run_address>
         <size>0x4</size>
      </object_component>
      <object_component id="oc-f1">
         <name>.common:PassengerControlTempTaskHandler</name>
         <uninitialized>true</uninitialized>
         <run_address>0x20002254</run_address>
         <size>0x4</size>
      </object_component>
      <object_component id="oc-dd">
         <name>.common:DriverHeatingTaskHandler</name>
         <uninitialized>true</uninitialized>
         <run_address>0x20002244</run_address>
         <size>0x4</size>
      </object_component>
      <object_component id="oc-f5">
         <name>.common:PassengerHeatingTaskHandler</name>
         <uninitialized>true</uninitialized>
         <run_address>0x2000225c</run_address>
         <size>0x4</size>
      </object_component>
      <object_component id="oc-e5">
         <name>.common:DriverDisplayStateTaskHandler</name>
         <uninitialized>true</uninitialized>
         <run_address>0x20002240</run_address>
         <size>0x4</size>
      </object_component>
      <object_component id="oc-103">
         <name>.common:PassengerDisplayStateTaskHandler</name>
         <uninitialized>true</uninitialized>
         <run_address>0x20002258</run_address>
         <size>0x4</size>
      </object_component>
      <object_component id="oc-e1">
         <name>.common:DriverSeatFailureHandlingTaskHandler</name>
         <uninitialized>true</uninitialized>
         <run_address>0x20002250</run_address>
         <size>0x4</size>
      </object_component>
      <object_component id="oc-ff">
         <name>.common:PassengerSeatFailureHandlingTaskHandler</name>
         <uninitialized>true</uninitialized>
         <run_address>0x20002268</run_address>
         <size>0x4</size>
      </object_component>
      <object_component id="oc-107">
         <name>.common:RunTimeMeasurementsTaskHandler</name>
         <uninitialized>true</uninitialized>
         <run_address>0x2000226c</run_address>
         <size>0x4</size>
      </object_component>
      <object_component id="oc-ce">
         <name>.common:xDriverButtonSemaphore1</name>
         <uninitialized>true</uninitialized>
         <run_address>0x20002284</run_address>
         <size>0x4</size>
      </object_component>
      <object_component id="oc-cf">
         <name>.common:xDriverButtonSemaphore2</name>
         <uninitialized>true</uninitialized>
         <run_address>0x20002288</run_address>
         <size>0x4</size>
      </object_component>
      <object_component id="oc-d0">
         <name>.common:xPassengerButtonSemaphore</name>
         <uninitialized>true</uninitialized>
         <run_address>0x20002290</run_address>
         <size>0x4</size>
      </object_component>
      <object_component id="oc-10f">
         <name>.common:DiagnosticsArray</name>
         <uninitialized>true</uninitialized>
         <run_address>0x20002060</run_address>
         <size>0x50</size>
      </object_component>
      <object_component id="oc-c7">
         <name>.common:driver_seat_failure_queue</name>
         <uninitialized>true</uninitialized>
         <run_address>0x20002274</run_address>
         <size>0x4</size>
      </object_component>
      <object_component id="oc-ca">
         <name>.common:passenger_seat_failure_queue</name>
         <uninitialized>true</uninitialized>
         <run_address>0x2000227c</run_address>
         <size>0x4</size>
      </object_component>
      <object_component id="oc-108">
         <name>.common:desired_temp_mutex</name>
         <uninitialized>true</uninitialized>
         <run_address>0x20002270</run_address>
         <size>0x4</size>
      </object_component>
      <object_component id="oc-cb">
         <name>.common:heater_intensity_mutex</name>
         <uninitialized>true</uninitialized>
         <run_address>0x20002278</run_address>
         <size>0x4</size>
      </object_component>
      <object_component id="oc-cc">
         <name>.common:uart_mutex</name>
         <uninitialized>true</uninitialized>
         <run_address>0x20002280</run_address>
         <size>0x4</size>
      </object_component>
      <object_component id="oc-cd">
         <name>.common:xHeaterIntensitySemaphore</name>
         <uninitialized>true</uninitialized>
         <run_address>0x2000228c</run_address>
         <size>0x4</size>
      </object_component>
      <object_component id="oc-180">
         <name>.common:ullTasksOutTime</name>
         <uninitialized>true</uninitialized>
         <run_address>0x20002120</run_address>
         <size>0x38</size>
      </object_component>
      <object_component id="oc-179">
         <name>.common:ullTasksInTime</name>
         <uninitialized>true</uninitialized>
         <run_address>0x200020e8</run_address>
         <size>0x38</size>
      </object_component>
      <object_component id="oc-181">
         <name>.common:ullTasksExecutionTime</name>
         <uninitialized>true</uninitialized>
         <run_address>0x200020b0</run_address>
         <size>0x38</size>
      </object_component>
      <object_component id="oc-110">
         <name>.common:ullTasksTotalTime</name>
         <uninitialized>true</uninitialized>
         <run_address>0x20002158</run_address>
         <size>0x38</size>
      </object_component>
      <object_component id="oc-24">
         <name>.stack</name>
         <uninitialized>true</uninitialized>
         <run_address>0x20002298</run_address>
         <size>0x4</size>
         <input_file_ref idref="fl-d7"/>
      </object_component>
      <object_component id="oc-37b">
         <name>.stack</name>
         <uninitialized>true</uninitialized>
         <run_address>0x20002298</run_address>
         <size>0x0</size>
      </object_component>
      <object_component id="oc-1a1">
         <name>.debug_info</name>
         <load_address>0x0</load_address>
         <run_address>0x0</run_address>
         <size>0x3be</size>
         <input_file_ref idref="fl-2"/>
      </object_component>
      <object_component id="oc-141">
         <name>.debug_info</name>
         <load_address>0x3be</load_address>
         <run_address>0x3be</run_address>
         <size>0x108</size>
         <input_file_ref idref="fl-2"/>
      </object_component>
      <object_component id="oc-2cb">
         <name>.debug_info</name>
         <load_address>0x4c6</load_address>
         <run_address>0x4c6</run_address>
         <size>0xa2</size>
         <input_file_ref idref="fl-2"/>
      </object_component>
      <object_component id="oc-192">
         <name>.debug_info</name>
         <load_address>0x568</load_address>
         <run_address>0x568</run_address>
         <size>0x315</size>
         <input_file_ref idref="fl-2"/>
      </object_component>
      <object_component id="oc-1c7">
         <name>.debug_info</name>
         <load_address>0x87d</load_address>
         <run_address>0x87d</run_address>
         <size>0x5e</size>
         <input_file_ref idref="fl-2"/>
      </object_component>
      <object_component id="oc-119">
         <name>.debug_info</name>
         <load_address>0x8db</load_address>
         <run_address>0x8db</run_address>
         <size>0x26b</size>
         <input_file_ref idref="fl-2"/>
      </object_component>
      <object_component id="oc-1ce">
         <name>.debug_info</name>
         <load_address>0xb46</load_address>
         <run_address>0xb46</run_address>
         <size>0x264</size>
         <input_file_ref idref="fl-2"/>
      </object_component>
      <object_component id="oc-19c">
         <name>.debug_info</name>
         <load_address>0xdaa</load_address>
         <run_address>0xdaa</run_address>
         <size>0x3f8</size>
         <input_file_ref idref="fl-2"/>
      </object_component>
      <object_component id="oc-1d8">
         <name>.debug_info</name>
         <load_address>0x11a2</load_address>
         <run_address>0x11a2</run_address>
         <size>0x4f</size>
         <input_file_ref idref="fl-2"/>
      </object_component>
      <object_component id="oc-1dd">
         <name>.debug_info</name>
         <load_address>0x11f1</load_address>
         <run_address>0x11f1</run_address>
         <size>0x2c</size>
         <input_file_ref idref="fl-2"/>
      </object_component>
      <object_component id="oc-47">
         <name>.debug_info</name>
         <load_address>0x121d</load_address>
         <run_address>0x121d</run_address>
         <size>0x84</size>
         <input_file_ref idref="fl-2"/>
      </object_component>
      <object_component id="oc-91">
         <name>.debug_info</name>
         <load_address>0x12a1</load_address>
         <run_address>0x12a1</run_address>
         <size>0x2c</size>
         <input_file_ref idref="fl-2"/>
      </object_component>
      <object_component id="oc-1a2">
         <name>.debug_info</name>
         <load_address>0x12cd</load_address>
         <run_address>0x12cd</run_address>
         <size>0x2a4</size>
         <input_file_ref idref="fl-2"/>
      </object_component>
      <object_component id="oc-9b">
         <name>.debug_info</name>
         <load_address>0x1571</load_address>
         <run_address>0x1571</run_address>
         <size>0xbb</size>
         <input_file_ref idref="fl-2"/>
      </object_component>
      <object_component id="oc-112">
         <name>.debug_info</name>
         <load_address>0x162c</load_address>
         <run_address>0x162c</run_address>
         <size>0xae</size>
         <input_file_ref idref="fl-2"/>
      </object_component>
      <object_component id="oc-18d">
         <name>.debug_info</name>
         <load_address>0x16da</load_address>
         <run_address>0x16da</run_address>
         <size>0x53</size>
         <input_file_ref idref="fl-2"/>
      </object_component>
      <object_component id="oc-96">
         <name>.debug_info</name>
         <load_address>0x172d</load_address>
         <run_address>0x172d</run_address>
         <size>0x53</size>
         <input_file_ref idref="fl-2"/>
      </object_component>
      <object_component id="oc-197">
         <name>.debug_info</name>
         <load_address>0x1780</load_address>
         <run_address>0x1780</run_address>
         <size>0x14c</size>
         <input_file_ref idref="fl-2"/>
      </object_component>
      <object_component id="oc-40">
         <name>.debug_info</name>
         <load_address>0x18cc</load_address>
         <run_address>0x18cc</run_address>
         <size>0x37a</size>
         <input_file_ref idref="fl-3"/>
      </object_component>
      <object_component id="oc-13">
         <name>.debug_info</name>
         <load_address>0x1c46</load_address>
         <run_address>0x1c46</run_address>
         <size>0xe5</size>
         <input_file_ref idref="fl-3"/>
      </object_component>
      <object_component id="oc-29">
         <name>.debug_info</name>
         <load_address>0x1d2b</load_address>
         <run_address>0x1d2b</run_address>
         <size>0x261</size>
         <input_file_ref idref="fl-3"/>
      </object_component>
      <object_component id="oc-c8">
         <name>.debug_info</name>
         <load_address>0x1f8c</load_address>
         <run_address>0x1f8c</run_address>
         <size>0x11aa</size>
         <input_file_ref idref="fl-4"/>
      </object_component>
      <object_component id="oc-10d">
         <name>.debug_info</name>
         <load_address>0x3136</load_address>
         <run_address>0x3136</run_address>
         <size>0x38e</size>
         <input_file_ref idref="fl-4"/>
      </object_component>
      <object_component id="oc-d3">
         <name>.debug_info</name>
         <load_address>0x34c4</load_address>
         <run_address>0x34c4</run_address>
         <size>0x100</size>
         <input_file_ref idref="fl-4"/>
      </object_component>
      <object_component id="oc-eb">
         <name>.debug_info</name>
         <load_address>0x35c4</load_address>
         <run_address>0x35c4</run_address>
         <size>0x106</size>
         <input_file_ref idref="fl-4"/>
      </object_component>
      <object_component id="oc-d7">
         <name>.debug_info</name>
         <load_address>0x36ca</load_address>
         <run_address>0x36ca</run_address>
         <size>0x102</size>
         <input_file_ref idref="fl-4"/>
      </object_component>
      <object_component id="oc-ef">
         <name>.debug_info</name>
         <load_address>0x37cc</load_address>
         <run_address>0x37cc</run_address>
         <size>0x108</size>
         <input_file_ref idref="fl-4"/>
      </object_component>
      <object_component id="oc-db">
         <name>.debug_info</name>
         <load_address>0x38d4</load_address>
         <run_address>0x38d4</run_address>
         <size>0x102</size>
         <input_file_ref idref="fl-4"/>
      </object_component>
      <object_component id="oc-f3">
         <name>.debug_info</name>
         <load_address>0x39d6</load_address>
         <run_address>0x39d6</run_address>
         <size>0x108</size>
         <input_file_ref idref="fl-4"/>
      </object_component>
      <object_component id="oc-10a">
         <name>.debug_info</name>
         <load_address>0x3ade</load_address>
         <run_address>0x3ade</run_address>
         <size>0xd6</size>
         <input_file_ref idref="fl-4"/>
      </object_component>
      <object_component id="oc-c5">
         <name>.debug_info</name>
         <load_address>0x3bb4</load_address>
         <run_address>0x3bb4</run_address>
         <size>0xdc</size>
         <input_file_ref idref="fl-4"/>
      </object_component>
      <object_component id="oc-df">
         <name>.debug_info</name>
         <load_address>0x3c90</load_address>
         <run_address>0x3c90</run_address>
         <size>0x102</size>
         <input_file_ref idref="fl-4"/>
      </object_component>
      <object_component id="oc-f7">
         <name>.debug_info</name>
         <load_address>0x3d92</load_address>
         <run_address>0x3d92</run_address>
         <size>0x108</size>
         <input_file_ref idref="fl-4"/>
      </object_component>
      <object_component id="oc-e3">
         <name>.debug_info</name>
         <load_address>0x3e9a</load_address>
         <run_address>0x3e9a</run_address>
         <size>0x114</size>
         <input_file_ref idref="fl-4"/>
      </object_component>
      <object_component id="oc-101">
         <name>.debug_info</name>
         <load_address>0x3fae</load_address>
         <run_address>0x3fae</run_address>
         <size>0x11a</size>
         <input_file_ref idref="fl-4"/>
      </object_component>
      <object_component id="oc-e7">
         <name>.debug_info</name>
         <load_address>0x40c8</load_address>
         <run_address>0x40c8</run_address>
         <size>0x102</size>
         <input_file_ref idref="fl-4"/>
      </object_component>
      <object_component id="oc-105">
         <name>.debug_info</name>
         <load_address>0x41ca</load_address>
         <run_address>0x41ca</run_address>
         <size>0x108</size>
         <input_file_ref idref="fl-4"/>
      </object_component>
      <object_component id="oc-39">
         <name>.debug_info</name>
         <load_address>0x42d2</load_address>
         <run_address>0x42d2</run_address>
         <size>0x1412</size>
         <input_file_ref idref="fl-4"/>
      </object_component>
      <object_component id="oc-1a9">
         <name>.debug_info</name>
         <load_address>0x56e4</load_address>
         <run_address>0x56e4</run_address>
         <size>0xac</size>
         <input_file_ref idref="fl-4"/>
      </object_component>
      <object_component id="oc-1d3">
         <name>.debug_info</name>
         <load_address>0x5790</load_address>
         <run_address>0x5790</run_address>
         <size>0x42</size>
         <input_file_ref idref="fl-4"/>
      </object_component>
      <object_component id="oc-1e2">
         <name>.debug_info</name>
         <load_address>0x57d2</load_address>
         <run_address>0x57d2</run_address>
         <size>0x4f</size>
         <input_file_ref idref="fl-4"/>
      </object_component>
      <object_component id="oc-1e7">
         <name>.debug_info</name>
         <load_address>0x5821</load_address>
         <run_address>0x5821</run_address>
         <size>0x35</size>
         <input_file_ref idref="fl-4"/>
      </object_component>
      <object_component id="oc-2ca">
         <name>.debug_info</name>
         <load_address>0x5856</load_address>
         <run_address>0x5856</run_address>
         <size>0x693</size>
         <input_file_ref idref="fl-5"/>
      </object_component>
      <object_component id="oc-1c0">
         <name>.debug_info</name>
         <load_address>0x5ee9</load_address>
         <run_address>0x5ee9</run_address>
         <size>0x110</size>
         <input_file_ref idref="fl-5"/>
      </object_component>
      <object_component id="oc-273">
         <name>.debug_info</name>
         <load_address>0x5ff9</load_address>
         <run_address>0x5ff9</run_address>
         <size>0x3f8</size>
         <input_file_ref idref="fl-5"/>
      </object_component>
      <object_component id="oc-313">
         <name>.debug_info</name>
         <load_address>0x63f1</load_address>
         <run_address>0x63f1</run_address>
         <size>0x62</size>
         <input_file_ref idref="fl-5"/>
      </object_component>
      <object_component id="oc-318">
         <name>.debug_info</name>
         <load_address>0x6453</load_address>
         <run_address>0x6453</run_address>
         <size>0x39</size>
         <input_file_ref idref="fl-5"/>
      </object_component>
      <object_component id="oc-287">
         <name>.debug_info</name>
         <load_address>0x648c</load_address>
         <run_address>0x648c</run_address>
         <size>0x391</size>
         <input_file_ref idref="fl-6"/>
      </object_component>
      <object_component id="oc-165">
         <name>.debug_info</name>
         <load_address>0x681d</load_address>
         <run_address>0x681d</run_address>
         <size>0x5bf</size>
         <input_file_ref idref="fl-6"/>
      </object_component>
      <object_component id="oc-1bf">
         <name>.debug_info</name>
         <load_address>0x6ddc</load_address>
         <run_address>0x6ddc</run_address>
         <size>0x8f7</size>
         <input_file_ref idref="fl-7"/>
      </object_component>
      <object_component id="oc-bf">
         <name>.debug_info</name>
         <load_address>0x76d3</load_address>
         <run_address>0x76d3</run_address>
         <size>0x35d9</size>
         <input_file_ref idref="fl-7"/>
      </object_component>
      <object_component id="oc-2c5">
         <name>.debug_info</name>
         <load_address>0xacac</load_address>
         <run_address>0xacac</run_address>
         <size>0x1c7</size>
         <input_file_ref idref="fl-7"/>
      </object_component>
      <object_component id="oc-1ba">
         <name>.debug_info</name>
         <load_address>0xae73</load_address>
         <run_address>0xae73</run_address>
         <size>0x46</size>
         <input_file_ref idref="fl-7"/>
      </object_component>
      <object_component id="oc-153">
         <name>.debug_info</name>
         <load_address>0xaeb9</load_address>
         <run_address>0xaeb9</run_address>
         <size>0x8de</size>
         <input_file_ref idref="fl-8"/>
      </object_component>
      <object_component id="oc-80">
         <name>.debug_info</name>
         <load_address>0xb797</load_address>
         <run_address>0xb797</run_address>
         <size>0x356</size>
         <input_file_ref idref="fl-8"/>
      </object_component>
      <object_component id="oc-168">
         <name>.debug_info</name>
         <load_address>0xbaed</load_address>
         <run_address>0xbaed</run_address>
         <size>0xff</size>
         <input_file_ref idref="fl-8"/>
      </object_component>
      <object_component id="oc-183">
         <name>.debug_info</name>
         <load_address>0xbbec</load_address>
         <run_address>0xbbec</run_address>
         <size>0xff</size>
         <input_file_ref idref="fl-8"/>
      </object_component>
      <object_component id="oc-186">
         <name>.debug_info</name>
         <load_address>0xbceb</load_address>
         <run_address>0xbceb</run_address>
         <size>0xff</size>
         <input_file_ref idref="fl-8"/>
      </object_component>
      <object_component id="oc-17e">
         <name>.debug_info</name>
         <load_address>0xbdea</load_address>
         <run_address>0xbdea</run_address>
         <size>0x142</size>
         <input_file_ref idref="fl-8"/>
      </object_component>
      <object_component id="oc-177">
         <name>.debug_info</name>
         <load_address>0xbf2c</load_address>
         <run_address>0xbf2c</run_address>
         <size>0xff</size>
         <input_file_ref idref="fl-8"/>
      </object_component>
      <object_component id="oc-16b">
         <name>.debug_info</name>
         <load_address>0xc02b</load_address>
         <run_address>0xc02b</run_address>
         <size>0x10d</size>
         <input_file_ref idref="fl-8"/>
      </object_component>
      <object_component id="oc-16e">
         <name>.debug_info</name>
         <load_address>0xc138</load_address>
         <run_address>0xc138</run_address>
         <size>0x101</size>
         <input_file_ref idref="fl-8"/>
      </object_component>
      <object_component id="oc-17b">
         <name>.debug_info</name>
         <load_address>0xc239</load_address>
         <run_address>0xc239</run_address>
         <size>0x100</size>
         <input_file_ref idref="fl-8"/>
      </object_component>
      <object_component id="oc-86">
         <name>.debug_info</name>
         <load_address>0xc339</load_address>
         <run_address>0xc339</run_address>
         <size>0x54ee</size>
         <input_file_ref idref="fl-8"/>
      </object_component>
      <object_component id="oc-154">
         <name>.debug_info</name>
         <load_address>0x11827</load_address>
         <run_address>0x11827</run_address>
         <size>0x30c</size>
         <input_file_ref idref="fl-8"/>
      </object_component>
      <object_component id="oc-26e">
         <name>.debug_info</name>
         <load_address>0x11b33</load_address>
         <run_address>0x11b33</run_address>
         <size>0x130</size>
         <input_file_ref idref="fl-8"/>
      </object_component>
      <object_component id="oc-2a0">
         <name>.debug_info</name>
         <load_address>0x11c63</load_address>
         <run_address>0x11c63</run_address>
         <size>0x842</size>
         <input_file_ref idref="fl-9"/>
      </object_component>
      <object_component id="oc-295">
         <name>.debug_info</name>
         <load_address>0x124a5</load_address>
         <run_address>0x124a5</run_address>
         <size>0xff</size>
         <input_file_ref idref="fl-9"/>
      </object_component>
      <object_component id="oc-298">
         <name>.debug_info</name>
         <load_address>0x125a4</load_address>
         <run_address>0x125a4</run_address>
         <size>0xff</size>
         <input_file_ref idref="fl-9"/>
      </object_component>
      <object_component id="oc-292">
         <name>.debug_info</name>
         <load_address>0x126a3</load_address>
         <run_address>0x126a3</run_address>
         <size>0x137</size>
         <input_file_ref idref="fl-9"/>
      </object_component>
      <object_component id="oc-28f">
         <name>.debug_info</name>
         <load_address>0x127da</load_address>
         <run_address>0x127da</run_address>
         <size>0x123</size>
         <input_file_ref idref="fl-9"/>
      </object_component>
      <object_component id="oc-173">
         <name>.debug_info</name>
         <load_address>0x128fd</load_address>
         <run_address>0x128fd</run_address>
         <size>0x2796</size>
         <input_file_ref idref="fl-9"/>
      </object_component>
      <object_component id="oc-2a1">
         <name>.debug_info</name>
         <load_address>0x15093</load_address>
         <run_address>0x15093</run_address>
         <size>0x1ce</size>
         <input_file_ref idref="fl-9"/>
      </object_component>
      <object_component id="oc-29b">
         <name>.debug_info</name>
         <load_address>0x15261</load_address>
         <run_address>0x15261</run_address>
         <size>0x46</size>
         <input_file_ref idref="fl-9"/>
      </object_component>
      <object_component id="oc-90">
         <name>.debug_info</name>
         <load_address>0x152a7</load_address>
         <run_address>0x152a7</run_address>
         <size>0x478</size>
         <input_file_ref idref="fl-a"/>
      </object_component>
      <object_component id="oc-83">
         <name>.debug_info</name>
         <load_address>0x1571f</load_address>
         <run_address>0x1571f</run_address>
         <size>0x174</size>
         <input_file_ref idref="fl-a"/>
      </object_component>
      <object_component id="oc-8d">
         <name>.debug_info</name>
         <load_address>0x15893</load_address>
         <run_address>0x15893</run_address>
         <size>0x17f</size>
         <input_file_ref idref="fl-a"/>
      </object_component>
      <object_component id="oc-33">
         <name>.debug_info</name>
         <load_address>0x15a12</load_address>
         <run_address>0x15a12</run_address>
         <size>0xa61</size>
         <input_file_ref idref="fl-a"/>
      </object_component>
      <object_component id="oc-2e">
         <name>.debug_info</name>
         <load_address>0x16473</load_address>
         <run_address>0x16473</run_address>
         <size>0x261</size>
         <input_file_ref idref="fl-b"/>
      </object_component>
      <object_component id="oc-285">
         <name>.debug_info</name>
         <load_address>0x166d4</load_address>
         <run_address>0x166d4</run_address>
         <size>0x468</size>
         <input_file_ref idref="fl-c"/>
      </object_component>
      <object_component id="oc-282">
         <name>.debug_info</name>
         <load_address>0x16b3c</load_address>
         <run_address>0x16b3c</run_address>
         <size>0xfa</size>
         <input_file_ref idref="fl-c"/>
      </object_component>
      <object_component id="oc-27c">
         <name>.debug_info</name>
         <load_address>0x16c36</load_address>
         <run_address>0x16c36</run_address>
         <size>0xfa</size>
         <input_file_ref idref="fl-c"/>
      </object_component>
      <object_component id="oc-27f">
         <name>.debug_info</name>
         <load_address>0x16d30</load_address>
         <run_address>0x16d30</run_address>
         <size>0xf6</size>
         <input_file_ref idref="fl-c"/>
      </object_component>
      <object_component id="oc-279">
         <name>.debug_info</name>
         <load_address>0x16e26</load_address>
         <run_address>0x16e26</run_address>
         <size>0x114</size>
         <input_file_ref idref="fl-c"/>
      </object_component>
      <object_component id="oc-15d">
         <name>.debug_info</name>
         <load_address>0x16f3a</load_address>
         <run_address>0x16f3a</run_address>
         <size>0x91c</size>
         <input_file_ref idref="fl-c"/>
      </object_component>
      <object_component id="oc-2f8">
         <name>.debug_info</name>
         <load_address>0x17856</load_address>
         <run_address>0x17856</run_address>
         <size>0x62</size>
         <input_file_ref idref="fl-c"/>
      </object_component>
      <object_component id="oc-1b6">
         <name>.debug_info</name>
         <load_address>0x178b8</load_address>
         <run_address>0x178b8</run_address>
         <size>0x32c</size>
         <input_file_ref idref="fl-d"/>
      </object_component>
      <object_component id="oc-af">
         <name>.debug_info</name>
         <load_address>0x17be4</load_address>
         <run_address>0x17be4</run_address>
         <size>0x9bd</size>
         <input_file_ref idref="fl-d"/>
      </object_component>
      <object_component id="oc-fa">
         <name>.debug_info</name>
         <load_address>0x185a1</load_address>
         <run_address>0x185a1</run_address>
         <size>0x1fd</size>
         <input_file_ref idref="fl-e"/>
      </object_component>
      <object_component id="oc-b5">
         <name>.debug_info</name>
         <load_address>0x1879e</load_address>
         <run_address>0x1879e</run_address>
         <size>0x220</size>
         <input_file_ref idref="fl-f"/>
      </object_component>
      <object_component id="oc-1a8">
         <name>.debug_info</name>
         <load_address>0x189be</load_address>
         <run_address>0x189be</run_address>
         <size>0x257</size>
         <input_file_ref idref="fl-10"/>
      </object_component>
      <object_component id="oc-a3">
         <name>.debug_info</name>
         <load_address>0x18c15</load_address>
         <run_address>0x18c15</run_address>
         <size>0xc48</size>
         <input_file_ref idref="fl-10"/>
      </object_component>
      <object_component id="oc-b9">
         <name>.debug_info</name>
         <load_address>0x1985d</load_address>
         <run_address>0x1985d</run_address>
         <size>0x18c</size>
         <input_file_ref idref="fl-11"/>
      </object_component>
      <object_component id="oc-1b4">
         <name>.debug_info</name>
         <load_address>0x199e9</load_address>
         <run_address>0x199e9</run_address>
         <size>0x266</size>
         <input_file_ref idref="fl-12"/>
      </object_component>
      <object_component id="oc-a9">
         <name>.debug_info</name>
         <load_address>0x19c4f</load_address>
         <run_address>0x19c4f</run_address>
         <size>0x466</size>
         <input_file_ref idref="fl-12"/>
      </object_component>
      <object_component id="oc-20d">
         <name>.debug_info</name>
         <load_address>0x1a0b5</load_address>
         <run_address>0x1a0b5</run_address>
         <size>0x13a</size>
         <input_file_ref idref="fl-cc"/>
      </object_component>
      <object_component id="oc-208">
         <name>.debug_info</name>
         <load_address>0x1a1ef</load_address>
         <run_address>0x1a1ef</run_address>
         <size>0x13a</size>
         <input_file_ref idref="fl-cd"/>
      </object_component>
      <object_component id="oc-211">
         <name>.debug_info</name>
         <load_address>0x1a329</load_address>
         <run_address>0x1a329</run_address>
         <size>0x12e</size>
         <input_file_ref idref="fl-ce"/>
      </object_component>
      <object_component id="oc-4d">
         <name>.debug_info</name>
         <load_address>0x1a457</load_address>
         <run_address>0x1a457</run_address>
         <size>0x119</size>
         <input_file_ref idref="fl-cf"/>
      </object_component>
      <object_component id="oc-203">
         <name>.debug_info</name>
         <load_address>0x1a570</load_address>
         <run_address>0x1a570</run_address>
         <size>0x12e</size>
         <input_file_ref idref="fl-d0"/>
      </object_component>
      <object_component id="oc-134">
         <name>.debug_info</name>
         <load_address>0x1a69e</load_address>
         <run_address>0x1a69e</run_address>
         <size>0x147</size>
         <input_file_ref idref="fl-d1"/>
      </object_component>
      <object_component id="oc-1b0">
         <name>.debug_info</name>
         <load_address>0x1a7e5</load_address>
         <run_address>0x1a7e5</run_address>
         <size>0x13f</size>
         <input_file_ref idref="fl-d2"/>
      </object_component>
      <object_component id="oc-2bb">
         <name>.debug_info</name>
         <load_address>0x1a924</load_address>
         <run_address>0x1a924</run_address>
         <size>0x134</size>
         <input_file_ref idref="fl-d3"/>
      </object_component>
      <object_component id="oc-132">
         <name>.debug_info</name>
         <load_address>0x1aa58</load_address>
         <run_address>0x1aa58</run_address>
         <size>0x2d4</size>
         <input_file_ref idref="fl-d4"/>
      </object_component>
      <object_component id="oc-5f">
         <name>.debug_info</name>
         <load_address>0x1ad2c</load_address>
         <run_address>0x1ad2c</run_address>
         <size>0x1b5</size>
         <input_file_ref idref="fl-d4"/>
      </object_component>
      <object_component id="oc-12d">
         <name>.debug_info</name>
         <load_address>0x1aee1</load_address>
         <run_address>0x1aee1</run_address>
         <size>0x46</size>
         <input_file_ref idref="fl-d4"/>
      </object_component>
      <object_component id="oc-224">
         <name>.debug_info</name>
         <load_address>0x1af27</load_address>
         <run_address>0x1af27</run_address>
         <size>0x2c</size>
         <input_file_ref idref="fl-d4"/>
      </object_component>
      <object_component id="oc-57">
         <name>.debug_info</name>
         <load_address>0x1af53</load_address>
         <run_address>0x1af53</run_address>
         <size>0x2a8</size>
         <input_file_ref idref="fl-d5"/>
      </object_component>
      <object_component id="oc-1c">
         <name>.debug_info</name>
         <load_address>0x1b1fb</load_address>
         <run_address>0x1b1fb</run_address>
         <size>0x1ea</size>
         <input_file_ref idref="fl-d5"/>
      </object_component>
      <object_component id="oc-52">
         <name>.debug_info</name>
         <load_address>0x1b3e5</load_address>
         <run_address>0x1b3e5</run_address>
         <size>0x46</size>
         <input_file_ref idref="fl-d5"/>
      </object_component>
      <object_component id="oc-125">
         <name>.debug_info</name>
         <load_address>0x1b42b</load_address>
         <run_address>0x1b42b</run_address>
         <size>0x2c</size>
         <input_file_ref idref="fl-d5"/>
      </object_component>
      <object_component id="oc-123">
         <name>.debug_info</name>
         <load_address>0x1b457</load_address>
         <run_address>0x1b457</run_address>
         <size>0x29e</size>
         <input_file_ref idref="fl-d6"/>
      </object_component>
      <object_component id="oc-17">
         <name>.debug_info</name>
         <load_address>0x1b6f5</load_address>
         <run_address>0x1b6f5</run_address>
         <size>0x250</size>
         <input_file_ref idref="fl-d6"/>
      </object_component>
      <object_component id="oc-42">
         <name>.debug_info</name>
         <load_address>0x1b945</load_address>
         <run_address>0x1b945</run_address>
         <size>0x60</size>
         <input_file_ref idref="fl-d6"/>
      </object_component>
      <object_component id="oc-21d">
         <name>.debug_info</name>
         <load_address>0x1b9a5</load_address>
         <run_address>0x1b9a5</run_address>
         <size>0x46</size>
         <input_file_ref idref="fl-d6"/>
      </object_component>
      <object_component id="oc-11e">
         <name>.debug_info</name>
         <load_address>0x1b9eb</load_address>
         <run_address>0x1b9eb</run_address>
         <size>0x39</size>
         <input_file_ref idref="fl-d6"/>
      </object_component>
      <object_component id="oc-25">
         <name>.debug_info</name>
         <load_address>0x1ba24</load_address>
         <run_address>0x1ba24</run_address>
         <size>0x10b</size>
         <input_file_ref idref="fl-d7"/>
      </object_component>
      <object_component id="oc-6d">
         <name>.debug_info</name>
         <load_address>0x1bb2f</load_address>
         <run_address>0x1bb2f</run_address>
         <size>0x1a9</size>
         <input_file_ref idref="fl-d7"/>
      </object_component>
      <object_component id="oc-2b5">
         <name>.debug_info</name>
         <load_address>0x1bcd8</load_address>
         <run_address>0x1bcd8</run_address>
         <size>0x115</size>
         <input_file_ref idref="fl-d8"/>
      </object_component>
      <object_component id="oc-2df">
         <name>.debug_info</name>
         <load_address>0x1bded</load_address>
         <run_address>0x1bded</run_address>
         <size>0x4b3</size>
         <input_file_ref idref="fl-d9"/>
      </object_component>
      <object_component id="oc-23e">
         <name>.debug_info</name>
         <load_address>0x1c2a0</load_address>
         <run_address>0x1c2a0</run_address>
         <size>0x1a6</size>
         <input_file_ref idref="fl-d9"/>
      </object_component>
      <object_component id="oc-32d">
         <name>.debug_info</name>
         <load_address>0x1c446</load_address>
         <run_address>0x1c446</run_address>
         <size>0x39</size>
         <input_file_ref idref="fl-d9"/>
      </object_component>
      <object_component id="oc-341">
         <name>.debug_info</name>
         <load_address>0x1c47f</load_address>
         <run_address>0x1c47f</run_address>
         <size>0x39</size>
         <input_file_ref idref="fl-d9"/>
      </object_component>
      <object_component id="oc-332">
         <name>.debug_info</name>
         <load_address>0x1c4b8</load_address>
         <run_address>0x1c4b8</run_address>
         <size>0x39</size>
         <input_file_ref idref="fl-d9"/>
      </object_component>
      <object_component id="oc-337">
         <name>.debug_info</name>
         <load_address>0x1c4f1</load_address>
         <run_address>0x1c4f1</run_address>
         <size>0xcd</size>
         <input_file_ref idref="fl-d9"/>
      </object_component>
      <object_component id="oc-13a">
         <name>.debug_info</name>
         <load_address>0x1c5be</load_address>
         <run_address>0x1c5be</run_address>
         <size>0x153</size>
         <input_file_ref idref="fl-da"/>
      </object_component>
      <object_component id="oc-231">
         <name>.debug_info</name>
         <load_address>0x1c711</load_address>
         <run_address>0x1c711</run_address>
         <size>0x122</size>
         <input_file_ref idref="fl-dc"/>
      </object_component>
      <object_component id="oc-37c">
         <name>.debug_info</name>
         <load_address>0x1c833</load_address>
         <run_address>0x1c833</run_address>
         <size>0x98</size>
      </object_component>
      <object_component id="oc-2b1">
         <name>.debug_line</name>
         <load_address>0x0</load_address>
         <run_address>0x0</run_address>
         <size>0x51</size>
         <input_file_ref idref="fl-2"/>
      </object_component>
      <object_component id="oc-140">
         <name>.debug_line</name>
         <load_address>0x51</load_address>
         <run_address>0x51</run_address>
         <size>0x41</size>
         <input_file_ref idref="fl-2"/>
      </object_component>
      <object_component id="oc-2ce">
         <name>.debug_line</name>
         <load_address>0x92</load_address>
         <run_address>0x92</run_address>
         <size>0x56</size>
         <input_file_ref idref="fl-2"/>
      </object_component>
      <object_component id="oc-195">
         <name>.debug_line</name>
         <load_address>0xe8</load_address>
         <run_address>0xe8</run_address>
         <size>0x79</size>
         <input_file_ref idref="fl-2"/>
      </object_component>
      <object_component id="oc-1ca">
         <name>.debug_line</name>
         <load_address>0x161</load_address>
         <run_address>0x161</run_address>
         <size>0x5b</size>
         <input_file_ref idref="fl-2"/>
      </object_component>
      <object_component id="oc-11c">
         <name>.debug_line</name>
         <load_address>0x1bc</load_address>
         <run_address>0x1bc</run_address>
         <size>0x6f</size>
         <input_file_ref idref="fl-2"/>
      </object_component>
      <object_component id="oc-1d1">
         <name>.debug_line</name>
         <load_address>0x22b</load_address>
         <run_address>0x22b</run_address>
         <size>0x51</size>
         <input_file_ref idref="fl-2"/>
      </object_component>
      <object_component id="oc-19f">
         <name>.debug_line</name>
         <load_address>0x27c</load_address>
         <run_address>0x27c</run_address>
         <size>0x7d</size>
         <input_file_ref idref="fl-2"/>
      </object_component>
      <object_component id="oc-1db">
         <name>.debug_line</name>
         <load_address>0x2f9</load_address>
         <run_address>0x2f9</run_address>
         <size>0x7a</size>
         <input_file_ref idref="fl-2"/>
      </object_component>
      <object_component id="oc-1e0">
         <name>.debug_line</name>
         <load_address>0x373</load_address>
         <run_address>0x373</run_address>
         <size>0x7b</size>
         <input_file_ref idref="fl-2"/>
      </object_component>
      <object_component id="oc-4a">
         <name>.debug_line</name>
         <load_address>0x3ee</load_address>
         <run_address>0x3ee</run_address>
         <size>0x20</size>
         <input_file_ref idref="fl-2"/>
      </object_component>
      <object_component id="oc-94">
         <name>.debug_line</name>
         <load_address>0x40e</load_address>
         <run_address>0x40e</run_address>
         <size>0x7d</size>
         <input_file_ref idref="fl-2"/>
      </object_component>
      <object_component id="oc-1a5">
         <name>.debug_line</name>
         <load_address>0x48b</load_address>
         <run_address>0x48b</run_address>
         <size>0x73</size>
         <input_file_ref idref="fl-2"/>
      </object_component>
      <object_component id="oc-9e">
         <name>.debug_line</name>
         <load_address>0x4fe</load_address>
         <run_address>0x4fe</run_address>
         <size>0x70</size>
         <input_file_ref idref="fl-2"/>
      </object_component>
      <object_component id="oc-115">
         <name>.debug_line</name>
         <load_address>0x56e</load_address>
         <run_address>0x56e</run_address>
         <size>0x5a</size>
         <input_file_ref idref="fl-2"/>
      </object_component>
      <object_component id="oc-190">
         <name>.debug_line</name>
         <load_address>0x5c8</load_address>
         <run_address>0x5c8</run_address>
         <size>0x6b</size>
         <input_file_ref idref="fl-2"/>
      </object_component>
      <object_component id="oc-99">
         <name>.debug_line</name>
         <load_address>0x633</load_address>
         <run_address>0x633</run_address>
         <size>0x8c</size>
         <input_file_ref idref="fl-2"/>
      </object_component>
      <object_component id="oc-19a">
         <name>.debug_line</name>
         <load_address>0x6bf</load_address>
         <run_address>0x6bf</run_address>
         <size>0x79</size>
         <input_file_ref idref="fl-2"/>
      </object_component>
      <object_component id="oc-118">
         <name>.debug_line</name>
         <load_address>0x738</load_address>
         <run_address>0x738</run_address>
         <size>0x41</size>
         <input_file_ref idref="fl-3"/>
      </object_component>
      <object_component id="oc-3f">
         <name>.debug_line</name>
         <load_address>0x779</load_address>
         <run_address>0x779</run_address>
         <size>0x41</size>
         <input_file_ref idref="fl-3"/>
      </object_component>
      <object_component id="oc-2c">
         <name>.debug_line</name>
         <load_address>0x7ba</load_address>
         <run_address>0x7ba</run_address>
         <size>0xa1</size>
         <input_file_ref idref="fl-3"/>
      </object_component>
      <object_component id="oc-1cd">
         <name>.debug_line</name>
         <load_address>0x85b</load_address>
         <run_address>0x85b</run_address>
         <size>0x2a7</size>
         <input_file_ref idref="fl-4"/>
      </object_component>
      <object_component id="oc-21c">
         <name>.debug_line</name>
         <load_address>0xb02</load_address>
         <run_address>0xb02</run_address>
         <size>0x30</size>
         <input_file_ref idref="fl-4"/>
      </object_component>
      <object_component id="oc-1ed">
         <name>.debug_line</name>
         <load_address>0xb32</load_address>
         <run_address>0xb32</run_address>
         <size>0x30</size>
         <input_file_ref idref="fl-4"/>
      </object_component>
      <object_component id="oc-1f9">
         <name>.debug_line</name>
         <load_address>0xb62</load_address>
         <run_address>0xb62</run_address>
         <size>0x30</size>
         <input_file_ref idref="fl-4"/>
      </object_component>
      <object_component id="oc-1ef">
         <name>.debug_line</name>
         <load_address>0xb92</load_address>
         <run_address>0xb92</run_address>
         <size>0x30</size>
         <input_file_ref idref="fl-4"/>
      </object_component>
      <object_component id="oc-1fb">
         <name>.debug_line</name>
         <load_address>0xbc2</load_address>
         <run_address>0xbc2</run_address>
         <size>0x30</size>
         <input_file_ref idref="fl-4"/>
      </object_component>
      <object_component id="oc-1f1">
         <name>.debug_line</name>
         <load_address>0xbf2</load_address>
         <run_address>0xbf2</run_address>
         <size>0x30</size>
         <input_file_ref idref="fl-4"/>
      </object_component>
      <object_component id="oc-1fd">
         <name>.debug_line</name>
         <load_address>0xc22</load_address>
         <run_address>0xc22</run_address>
         <size>0x30</size>
         <input_file_ref idref="fl-4"/>
      </object_component>
      <object_component id="oc-21a">
         <name>.debug_line</name>
         <load_address>0xc52</load_address>
         <run_address>0xc52</run_address>
         <size>0x30</size>
         <input_file_ref idref="fl-4"/>
      </object_component>
      <object_component id="oc-1c6">
         <name>.debug_line</name>
         <load_address>0xc82</load_address>
         <run_address>0xc82</run_address>
         <size>0x30</size>
         <input_file_ref idref="fl-4"/>
      </object_component>
      <object_component id="oc-1f3">
         <name>.debug_line</name>
         <load_address>0xcb2</load_address>
         <run_address>0xcb2</run_address>
         <size>0x30</size>
         <input_file_ref idref="fl-4"/>
      </object_component>
      <object_component id="oc-1ff">
         <name>.debug_line</name>
         <load_address>0xce2</load_address>
         <run_address>0xce2</run_address>
         <size>0x30</size>
         <input_file_ref idref="fl-4"/>
      </object_component>
      <object_component id="oc-1f5">
         <name>.debug_line</name>
         <load_address>0xd12</load_address>
         <run_address>0xd12</run_address>
         <size>0x30</size>
         <input_file_ref idref="fl-4"/>
      </object_component>
      <object_component id="oc-216">
         <name>.debug_line</name>
         <load_address>0xd42</load_address>
         <run_address>0xd42</run_address>
         <size>0x30</size>
         <input_file_ref idref="fl-4"/>
      </object_component>
      <object_component id="oc-1f7">
         <name>.debug_line</name>
         <load_address>0xd72</load_address>
         <run_address>0xd72</run_address>
         <size>0x30</size>
         <input_file_ref idref="fl-4"/>
      </object_component>
      <object_component id="oc-218">
         <name>.debug_line</name>
         <load_address>0xda2</load_address>
         <run_address>0xda2</run_address>
         <size>0x30</size>
         <input_file_ref idref="fl-4"/>
      </object_component>
      <object_component id="oc-3c">
         <name>.debug_line</name>
         <load_address>0xdd2</load_address>
         <run_address>0xdd2</run_address>
         <size>0x306</size>
         <input_file_ref idref="fl-4"/>
      </object_component>
      <object_component id="oc-1ac">
         <name>.debug_line</name>
         <load_address>0x10d8</load_address>
         <run_address>0x10d8</run_address>
         <size>0x58</size>
         <input_file_ref idref="fl-4"/>
      </object_component>
      <object_component id="oc-1d6">
         <name>.debug_line</name>
         <load_address>0x1130</load_address>
         <run_address>0x1130</run_address>
         <size>0x81</size>
         <input_file_ref idref="fl-4"/>
      </object_component>
      <object_component id="oc-1e5">
         <name>.debug_line</name>
         <load_address>0x11b1</load_address>
         <run_address>0x11b1</run_address>
         <size>0x7b</size>
         <input_file_ref idref="fl-4"/>
      </object_component>
      <object_component id="oc-1ea">
         <name>.debug_line</name>
         <load_address>0x122c</load_address>
         <run_address>0x122c</run_address>
         <size>0x74</size>
         <input_file_ref idref="fl-4"/>
      </object_component>
      <object_component id="oc-312">
         <name>.debug_line</name>
         <load_address>0x12a0</load_address>
         <run_address>0x12a0</run_address>
         <size>0x19b</size>
         <input_file_ref idref="fl-5"/>
      </object_component>
      <object_component id="oc-1c3">
         <name>.debug_line</name>
         <load_address>0x143b</load_address>
         <run_address>0x143b</run_address>
         <size>0x6b</size>
         <input_file_ref idref="fl-5"/>
      </object_component>
      <object_component id="oc-276">
         <name>.debug_line</name>
         <load_address>0x14a6</load_address>
         <run_address>0x14a6</run_address>
         <size>0x7d</size>
         <input_file_ref idref="fl-5"/>
      </object_component>
      <object_component id="oc-316">
         <name>.debug_line</name>
         <load_address>0x1523</load_address>
         <run_address>0x1523</run_address>
         <size>0x58</size>
         <input_file_ref idref="fl-5"/>
      </object_component>
      <object_component id="oc-31b">
         <name>.debug_line</name>
         <load_address>0x157b</load_address>
         <run_address>0x157b</run_address>
         <size>0x81</size>
         <input_file_ref idref="fl-5"/>
      </object_component>
      <object_component id="oc-304">
         <name>.debug_line</name>
         <load_address>0x15fc</load_address>
         <run_address>0x15fc</run_address>
         <size>0x20</size>
         <input_file_ref idref="fl-6"/>
      </object_component>
      <object_component id="oc-162">
         <name>.debug_line</name>
         <load_address>0x161c</load_address>
         <run_address>0x161c</run_address>
         <size>0x103</size>
         <input_file_ref idref="fl-6"/>
      </object_component>
      <object_component id="oc-2c4">
         <name>.debug_line</name>
         <load_address>0x171f</load_address>
         <run_address>0x171f</run_address>
         <size>0x19b</size>
         <input_file_ref idref="fl-7"/>
      </object_component>
      <object_component id="oc-c3">
         <name>.debug_line</name>
         <load_address>0x18ba</load_address>
         <run_address>0x18ba</run_address>
         <size>0x786</size>
         <input_file_ref idref="fl-7"/>
      </object_component>
      <object_component id="oc-2c8">
         <name>.debug_line</name>
         <load_address>0x2040</load_address>
         <run_address>0x2040</run_address>
         <size>0x51</size>
         <input_file_ref idref="fl-7"/>
      </object_component>
      <object_component id="oc-1bd">
         <name>.debug_line</name>
         <load_address>0x2091</load_address>
         <run_address>0x2091</run_address>
         <size>0x7a</size>
         <input_file_ref idref="fl-7"/>
      </object_component>
      <object_component id="oc-26d">
         <name>.debug_line</name>
         <load_address>0x210b</load_address>
         <run_address>0x210b</run_address>
         <size>0x258</size>
         <input_file_ref idref="fl-8"/>
      </object_component>
      <object_component id="oc-152">
[...]
      </symbol>
      <symbol id="sm-604">
         <name>vTaskSuspend</name>
         <value>0x6e9</value>
         <object_component_ref idref="oc-85"/>
      </symbol>
      <symbol id="sm-605">
         <name>xTaskGetTickCountFromISR</name>
         <value>0xca5</value>
         <object_component_ref idref="oc-85"/>
      </symbol>
      <symbol id="sm-606">
         <name>vTaskResume</name>
         <value>0x849</value>
         <object_component_ref idref="oc-85"/>
      </symbol>
      <symbol id="sm-607">
         <name>uxTopUsedPriority</name>
         <value>0x60b4</value>
         <object_component_ref idref="oc-17a"/>
      </symbol>
      <symbol id="sm-608">
         <name>vTaskPlaceOnEventListRestricted</name>
         <value>0x11f5</value>
         <object_component_ref idref="oc-85"/>
      </symbol>
      <symbol id="sm-609">
         <name>vTaskSetTimeOutState</name>
         <value>0x151f</value>
         <object_component_ref idref="oc-85"/>
      </symbol>
      <symbol id="sm-60a">
         <name>xTaskIncrementTick</name>
         <value>0xd79</value>
         <object_component_ref idref="oc-85"/>
      </symbol>
      <symbol id="sm-60b">
         <name>vTaskSwitchContext</name>
         <value>0x1025</value>
         <object_component_ref idref="oc-85"/>
      </symbol>
      <symbol id="sm-60c">
         <name>uxTaskResetEventItemValue</name>
         <value>0x1b13</value>
         <object_component_ref idref="oc-85"/>
      </symbol>
      <symbol id="sm-60d">
         <name>xTaskGetSchedulerState</name>
         <value>0x1741</value>
         <object_component_ref idref="oc-85"/>
      </symbol>
      <symbol id="sm-60e">
         <name>xTaskResumeFromISR</name>
         <value>0x921</value>
         <object_component_ref idref="oc-85"/>
      </symbol>
      <symbol id="sm-60f">
         <name>xTaskGetCurrentTaskHandle</name>
         <value>0x1731</value>
         <object_component_ref idref="oc-85"/>
      </symbol>
      <symbol id="sm-610">
         <name>vTaskPlaceOnUnorderedEventList</name>
         <value>0x1155</value>
         <object_component_ref idref="oc-85"/>
      </symbol>
      <symbol id="sm-611">
         <name>xTaskRemoveFromEventList</name>
         <value>0x1279</value>
         <object_component_ref idref="oc-85"/>
      </symbol>
      <symbol id="sm-612">
         <name>xTaskPriorityInherit</name>
         <value>0x1771</value>
         <object_component_ref idref="oc-85"/>
      </symbol>
      <symbol id="sm-6d9">
         <name>xTimerGetTimerDaemonTaskHandle</name>
         <value>0x40fd</value>
         <object_component_ref idref="oc-170"/>
      </symbol>
      <symbol id="sm-6da">
         <name>pcTimerGetName</name>
         <value>0x4205</value>
         <object_component_ref idref="oc-170"/>
      </symbol>
      <symbol id="sm-6db">
         <name>xTimerCreateTimerTask</name>
         <value>0x3fa1</value>
         <object_component_ref idref="oc-170"/>
      </symbol>
      <symbol id="sm-6dc">
         <name>xTimerGetExpiryTime</name>
         <value>0x41d7</value>
         <object_component_ref idref="oc-170"/>
      </symbol>
      <symbol id="sm-6dd">
         <name>xTimerIsTimerActive</name>
         <value>0x462d</value>
         <object_component_ref idref="oc-170"/>
      </symbol>
      <symbol id="sm-6de">
         <name>xTimerGetPeriod</name>
         <value>0x411f</value>
         <object_component_ref idref="oc-170"/>
      </symbol>
      <symbol id="sm-6df">
         <name>xTimerGetReloadMode</name>
         <value>0x418f</value>
         <object_component_ref idref="oc-170"/>
      </symbol>
      <symbol id="sm-6e0">
         <name>xTimerCreate</name>
         <value>0x3fdf</value>
         <object_component_ref idref="oc-170"/>
      </symbol>
      <symbol id="sm-6e1">
         <name>vTimerSetReloadMode</name>
         <value>0x4145</value>
         <object_component_ref idref="oc-170"/>
      </symbol>
      <symbol id="sm-6e2">
         <name>xTimerGenericCommand</name>
         <value>0x407d</value>
         <object_component_ref idref="oc-170"/>
      </symbol>
      <symbol id="sm-6e3">
         <name>uxTimerGetReloadMode</name>
         <value>0x41cb</value>
         <object_component_ref idref="oc-170"/>
      </symbol>
      <symbol id="sm-6e4">
         <name>pvTimerGetTimerID</name>
         <value>0x4669</value>
         <object_component_ref idref="oc-170"/>
      </symbol>
      <symbol id="sm-6e5">
         <name>xTimerPendFunctionCallFromISR</name>
         <value>0x46c5</value>
         <object_component_ref idref="oc-170"/>
      </symbol>
      <symbol id="sm-6e6">
         <name>xTimerPendFunctionCall</name>
         <value>0x46fb</value>
         <object_component_ref idref="oc-170"/>
      </symbol>
      <symbol id="sm-6e7">
         <name>vTimerSetTimerID</name>
         <value>0x4697</value>
         <object_component_ref idref="oc-170"/>
      </symbol>
      <symbol id="sm-737">
         <name>ulMaxSyscallInterruptPriority</name>
         <value>0x60ac</value>
         <object_component_ref idref="oc-82"/>
      </symbol>
      <symbol id="sm-738">
         <name>vPortSetupTimerInterrupt</name>
         <value>0x5059</value>
         <object_component_ref idref="oc-32"/>
      </symbol>
      <symbol id="sm-739">
         <name>vPortEndScheduler</name>
         <value>0x4fa1</value>
         <object_component_ref idref="oc-32"/>
      </symbol>
      <symbol id="sm-73a">
         <name>xPortSysTickHandler</name>
         <value>0x5033</value>
         <object_component_ref idref="oc-32"/>
      </symbol>
      <symbol id="sm-73b">
         <name>vPortValidateInterruptPriority</name>
         <value>0x5075</value>
         <object_component_ref idref="oc-32"/>
      </symbol>
      <symbol id="sm-73c">
         <name>pxPortInitialiseStack</name>
         <value>0x4e5d</value>
         <object_component_ref idref="oc-32"/>
      </symbol>
      <symbol id="sm-73d">
         <name>vPortExitCritical</name>
         <value>0x5007</value>
         <object_component_ref idref="oc-32"/>
      </symbol>
      <symbol id="sm-73e">
         <name>xPortStartScheduler</name>
         <value>0x4ee9</value>
         <object_component_ref idref="oc-32"/>
      </symbol>
      <symbol id="sm-73f">
         <name>vPortEnterCritical</name>
         <value>0x4fc5</value>
         <object_component_ref idref="oc-32"/>
      </symbol>
      <symbol id="sm-74e">
         <name>vPortStartFirstTask</name>
         <value>0x5c31</value>
         <object_component_ref idref="oc-2d"/>
      </symbol>
      <symbol id="sm-74f">
         <name>ulPortGetIPSR</name>
         <value>0x5b99</value>
         <object_component_ref idref="oc-2d"/>
      </symbol>
      <symbol id="sm-750">
         <name>vPortEnableVFP</name>
         <value>0x5c55</value>
         <object_component_ref idref="oc-2d"/>
      </symbol>
      <symbol id="sm-751">
         <name>xPortPendSVHandler</name>
         <value>0x5bb1</value>
         <object_component_ref idref="oc-2d"/>
      </symbol>
      <symbol id="sm-752">
         <name>vPortSVCHandler</name>
         <value>0x5c11</value>
         <object_component_ref idref="oc-2d"/>
      </symbol>
      <symbol id="sm-7aa">
         <name>vPortInitialiseBlocks</name>
         <value>0x52f7</value>
         <object_component_ref idref="oc-15b"/>
      </symbol>
      <symbol id="sm-7ab">
         <name>xPortGetFreeHeapSize</name>
         <value>0x52f1</value>
         <object_component_ref idref="oc-15b"/>
      </symbol>
      <symbol id="sm-7ac">
         <name>pvPortCalloc</name>
         <value>0x52f9</value>
         <object_component_ref idref="oc-15b"/>
      </symbol>
      <symbol id="sm-7ad">
         <name>pvPortMalloc</name>
         <value>0x510d</value>
         <object_component_ref idref="oc-15b"/>
      </symbol>
      <symbol id="sm-7ae">
         <name>vPortFree</name>
         <value>0x5233</value>
         <object_component_ref idref="oc-15b"/>
      </symbol>
      <symbol id="sm-7ce">
         <name>rgb_greenLedToggle</name>
         <value>0x562d</value>
         <object_component_ref idref="oc-ac"/>
      </symbol>
      <symbol id="sm-7cf">
         <name>rgb_blueLedOFF</name>
         <value>0x5607</value>
         <object_component_ref idref="oc-ac"/>
      </symbol>
      <symbol id="sm-7d0">
         <name>rgb_greenLedOFF</name>
         <value>0x55f3</value>
         <object_component_ref idref="oc-ac"/>
      </symbol>
      <symbol id="sm-7d1">
         <name>HEATER_Init</name>
         <value>0x5561</value>
         <object_component_ref idref="oc-ac"/>
      </symbol>
      <symbol id="sm-7d2">
         <name>rgb_greenLedON</name>
         <value>0x55b7</value>
         <object_component_ref idref="oc-ac"/>
      </symbol>
      <symbol id="sm-7d3">
         <name>rgb_blueLedON</name>
         <value>0x55cb</value>
         <object_component_ref idref="oc-ac"/>
      </symbol>
      <symbol id="sm-7d4">
         <name>HEATER_setHeatingIntensity</name>
         <value>0x568b</value>
         <object_component_ref idref="oc-ac"/>
      </symbol>
      <symbol id="sm-7d5">
         <name>rgb_redLedToggle</name>
         <value>0x561b</value>
         <object_component_ref idref="oc-ac"/>
      </symbol>
      <symbol id="sm-7d6">
         <name>rgb_redLedON</name>
         <value>0x55a3</value>
         <object_component_ref idref="oc-ac"/>
      </symbol>
      <symbol id="sm-7d7">
         <name>rgb_allLedsOff</name>
         <value>0x5651</value>
         <object_component_ref idref="oc-ac"/>
      </symbol>
      <symbol id="sm-7d8">
         <name>rgb_redLedOFF</name>
         <value>0x55df</value>
         <object_component_ref idref="oc-ac"/>
      </symbol>
      <symbol id="sm-7d9">
         <name>rgb_blueLedToggle</name>
         <value>0x563f</value>
         <object_component_ref idref="oc-ac"/>
      </symbol>
      <symbol id="sm-7e6">
         <name>LM35_getTemperature</name>
         <value>0x5ee5</value>
         <object_component_ref idref="oc-f9"/>
      </symbol>
      <symbol id="sm-80b">
         <name>GPIO_SetupADCPins</name>
         <value>0x56e5</value>
         <object_component_ref idref="oc-b2"/>
      </symbol>
      <symbol id="sm-80c">
         <name>ADC0_Init</name>
         <value>0x576f</value>
         <object_component_ref idref="oc-b2"/>
      </symbol>
      <symbol id="sm-80d">
         <name>ADC0_ReadChannel</name>
         <value>0x5789</value>
         <object_component_ref idref="oc-b2"/>
      </symbol>
      <symbol id="sm-891">
         <name>GPIO_setupPinDirectionAndMode</name>
         <value>0x49a9</value>
         <object_component_ref idref="oc-a0"/>
      </symbol>
      <symbol id="sm-892">
         <name>GPIO_SW3GetState</name>
         <value>0x4851</value>
         <object_component_ref idref="oc-a0"/>
      </symbol>
      <symbol id="sm-893">
         <name>GPIO_SW3EdgeTriggeredInterruptInit</name>
         <value>0x48f7</value>
         <object_component_ref idref="oc-a0"/>
      </symbol>
      <symbol id="sm-894">
         <name>GPIO_SW1GetState</name>
         <value>0x483d</value>
         <object_component_ref idref="oc-a0"/>
      </symbol>
      <symbol id="sm-895">
         <name>GPIO_GreenLedOn</name>
         <value>0x47e9</value>
         <object_component_ref idref="oc-a0"/>
      </symbol>
      <symbol id="sm-896">
         <name>GPIO_BlueLedToggle</name>
         <value>0x4825</value>
         <object_component_ref idref="oc-a0"/>
      </symbol>
      <symbol id="sm-897">
         <name>GPIO_readPin</name>
         <value>0x4d1d</value>
         <object_component_ref idref="oc-a0"/>
      </symbol>
      <symbol id="sm-898">
         <name>Mcu_init</name>
         <value>0x4e25</value>
         <object_component_ref idref="oc-a0"/>
      </symbol>
      <symbol id="sm-899">
         <name>GPIO_SW2GetState</name>
         <value>0x4847</value>
         <object_component_ref idref="oc-a0"/>
      </symbol>
      <symbol id="sm-89a">
         <name>GPIO_SW2EdgeTriggeredInterruptInit</name>
         <value>0x48a9</value>
         <object_component_ref idref="oc-a0"/>
      </symbol>
      <symbol id="sm-89b">
         <name>GPIO_BuiltinButtonsLedsInit</name>
         <value>0x475d</value>
         <object_component_ref idref="oc-a0"/>
      </symbol>
      <symbol id="sm-89c">
         <name>GPIO_togglePin</name>
         <value>0x4db9</value>
         <object_component_ref idref="oc-a0"/>
      </symbol>
      <symbol id="sm-89d">
         <name>GPIO_RedLedToggle</name>
         <value>0x4819</value>
         <object_component_ref idref="oc-a0"/>
      </symbol>
      <symbol id="sm-89e">
         <name>GPIO_writePin</name>
         <value>0x4c95</value>
         <object_component_ref idref="oc-a0"/>
      </symbol>
      <symbol id="sm-89f">
         <name>GPIO_BlueLedOff</name>
         <value>0x4801</value>
         <object_component_ref idref="oc-a0"/>
      </symbol>
      <symbol id="sm-8a0">
         <name>GPIO_SW1EdgeTriggeredInterruptInit</name>
         <value>0x485b</value>
         <object_component_ref idref="oc-a0"/>
      </symbol>
      <symbol id="sm-8a1">
         <name>GPIO_GreenLedOff</name>
         <value>0x480d</value>
         <object_component_ref idref="oc-a0"/>
      </symbol>
      <symbol id="sm-8a2">
         <name>GPIO_GreenLedToggle</name>
         <value>0x4831</value>
         <object_component_ref idref="oc-a0"/>
      </symbol>
      <symbol id="sm-8a3">
         <name>GPIO_RedLedOff</name>
         <value>0x47f5</value>
         <object_component_ref idref="oc-a0"/>
      </symbol>
      <symbol id="sm-8a4">
         <name>GPIO_BlueLedOn</name>
         <value>0x47dd</value>
         <object_component_ref idref="oc-a0"/>
      </symbol>
      <symbol id="sm-8a5">
         <name>GPIO_RedLedOn</name>
         <value>0x47d1</value>
         <object_component_ref idref="oc-a0"/>
      </symbol>
      <symbol id="sm-8b7">
         <name>GPTM_WTimer0Init</name>
         <value>0x5f3d</value>
         <object_component_ref idref="oc-b8"/>
      </symbol>
      <symbol id="sm-8b8">
         <name>GPTM_WTimer0Read</name>
         <value>0x5f6d</value>
         <object_component_ref idref="oc-b8"/>
      </symbol>
      <symbol id="sm-8e6">
         <name>UART0_SendInteger</name>
         <value>0x5481</value>
         <object_component_ref idref="oc-a6"/>
      </symbol>
      <symbol id="sm-8e7">
         <name>UART0_ReceiveByte</name>
         <value>0x544b</value>
         <object_component_ref idref="oc-a6"/>
      </symbol>
      <symbol id="sm-8e8">
         <name>UART0_SendByte</name>
         <value>0x542f</value>
         <object_component_ref idref="oc-a6"/>
      </symbol>
      <symbol id="sm-8e9">
         <name>UART0_Init</name>
         <value>0x53ef</value>
         <object_component_ref idref="oc-a6"/>
      </symbol>
      <symbol id="sm-8ea">
         <name>UART0_SendString</name>
         <value>0x545b</value>
         <object_component_ref idref="oc-a6"/>
      </symbol>
      <symbol id="sm-8fe">
         <name>__aeabi_ddiv</name>
         <value>0x582d</value>
         <object_component_ref idref="oc-20a"/>
      </symbol>
      <symbol id="sm-909">
         <name>__aeabi_dmul</name>
         <value>0x5a8d</value>
         <object_component_ref idref="oc-205"/>
      </symbol>
      <symbol id="sm-913">
         <name>__aeabi_d2iz</name>
         <value>0x5f91</value>
         <object_component_ref idref="oc-20f"/>
      </symbol>
      <symbol id="sm-92e">
         <name>memcpy</name>
         <value>0x5c63</value>
         <object_component_ref idref="oc-4c"/>
      </symbol>
      <symbol id="sm-92f">
         <name>__aeabi_memcpy</name>
         <value>0x5c63</value>
         <object_component_ref idref="oc-4c"/>
      </symbol>
      <symbol id="sm-930">
         <name>__aeabi_memcpy8</name>
         <value>0x5c63</value>
         <object_component_ref idref="oc-4c"/>
      </symbol>
      <symbol id="sm-931">
         <name>__aeabi_memcpy4</name>
         <value>0x5c63</value>
         <object_component_ref idref="oc-4c"/>
      </symbol>
      <symbol id="sm-93b">
         <name>__aeabi_ui2d</name>
         <value>0x6051</value>
         <object_component_ref idref="oc-200"/>
      </symbol>
      <symbol id="sm-94a">
         <name>__aeabi_memset</name>
         <value>0x5d97</value>
         <object_component_ref idref="oc-133"/>
      </symbol>
      <symbol id="sm-94b">
         <name>memset</name>
         <value>0x5d9d</value>
         <object_component_ref idref="oc-133"/>
      </symbol>
      <symbol id="sm-94c">
         <name>__aeabi_memset8</name>
         <value>0x5d97</value>
         <object_component_ref idref="oc-133"/>
      </symbol>
      <symbol id="sm-94d">
         <name>__aeabi_memset4</name>
         <value>0x5d97</value>
         <object_component_ref idref="oc-133"/>
      </symbol>
      <symbol id="sm-94e">
         <name>__aeabi_memclr8</name>
         <value>0x5d95</value>
         <object_component_ref idref="oc-133"/>
      </symbol>
      <symbol id="sm-94f">
         <name>__aeabi_memclr4</name>
         <value>0x5d95</value>
         <object_component_ref idref="oc-133"/>
      </symbol>
      <symbol id="sm-950">
         <name>__aeabi_memclr</name>
         <value>0x5d95</value>
         <object_component_ref idref="oc-133"/>
      </symbol>
      <symbol id="sm-95e">
         <name>__aeabi_ldivmod</name>
         <value>0x5e0f</value>
         <object_component_ref idref="oc-1ae"/>
      </symbol>
      <symbol id="sm-96b">
         <name>__aeabi_uldivmod</name>
         <value>0x5cff</value>
         <object_component_ref idref="oc-2b9"/>
      </symbol>
      <symbol id="sm-982">
         <name>__TI_zero_init</name>
         <value>0x607f</value>
         <object_component_ref idref="oc-5e"/>
      </symbol>
      <symbol id="sm-999">
         <name>__TI_decompress_none</name>
         <value>0x6071</value>
         <object_component_ref idref="oc-1b"/>
      </symbol>
      <symbol id="sm-9bc">
         <name>__TI_decompress_lzss</name>
         <value>0x5e7d</value>
         <object_component_ref idref="oc-15"/>
      </symbol>
      <symbol id="sm-9cf">
         <name>__stack</name>
         <value>0x20002298</value>
         <object_component_ref idref="oc-24"/>
      </symbol>
      <symbol id="sm-9d0">
         <name>_c_int00_noargs</name>
         <value>0x601d</value>
         <object_component_ref idref="oc-6a"/>
      </symbol>
      <symbol id="sm-9da">
         <name>__aeabi_idiv0</name>
         <value>0x348f</value>
         <object_component_ref idref="oc-2b4"/>
      </symbol>
      <symbol id="sm-9db">
         <name>__aeabi_ldiv0</name>
         <value>0x348f</value>
         <object_component_ref idref="oc-2b4"/>
      </symbol>
      <symbol id="sm-a03">
         <name>__TI_auto_init_nobinit_nopinit</name>
         <value>0x5fd9</value>
         <object_component_ref idref="oc-23a"/>
      </symbol>
      <symbol id="sm-a0d">
         <name>_system_pre_init</name>
         <value>0x60a3</value>
         <object_component_ref idref="oc-139"/>
      </symbol>
      <symbol id="sm-a19">
         <name>C$$EXIT</name>
         <value>0x60a7</value>
         <object_component_ref idref="oc-22e"/>
      </symbol>
      <symbol id="sm-a1a">
         <name>abort</name>
         <value>0x60a7</value>
         <object_component_ref idref="oc-22e"/>
      </symbol>
      <symbol id="sm-a1d">
         <name>__TI_static_base__</name>
         <value>0x0</value>
      </symbol>
      <symbol id="sm-a20">
         <name>__mpu_init</name>
         <value>0x0</value>
      </symbol>
      <symbol id="sm-a21">
         <name>_system_post_cinit</name>
         <value>0x0</value>
      </symbol>
   </symbol_table>
   <title>Link successful</title>
</link_info>
